ubuntu@Ubuntu-GUI:~$ export GITHUB_USERNAME=KhotAbuch
ubuntu@Ubuntu-GUI:~$ export GITHUB_EMAIL=quentinthanks@yandex.ru
ubuntu@Ubuntu-GUI:~$ alias edit=nano
ubuntu@Ubuntu-GUI:~$ alias gsed=sed
ubuntu@Ubuntu-GUI:~$ cd ${GITHUB_USERNAME}/workspace
ubuntu@Ubuntu-GUI:~/KhotAbuch/workspace$ pushd .
~/KhotAbuch/workspace ~/KhotAbuch/workspace
ubuntu@Ubuntu-GUI:~/KhotAbuch/workspace$ source scripts/activate
ubuntu@Ubuntu-GUI:~/KhotAbuch/workspace$ git clone https://github.com/${GITHUB_USERNAME}/lab05 projects/lab06
Cloning into 'projects/lab06'...
remote: Enumerating objects: 238, done.
remote: Counting objects: 100% (238/238), done.
remote: Compressing objects: 100% (131/131), done.
remote: Total 238 (delta 87), reused 230 (delta 83), pack-reused 0 (from 0)
Receiving objects: 100% (238/238), 1004.00 KiB | 1.47 MiB/s, done.
Resolving deltas: 100% (87/87), done.
ubuntu@Ubuntu-GUI:~/KhotAbuch/workspace$ cd projects/lab06
ubuntu@Ubuntu-GUI:~/KhotAbuch/workspace/projects/lab06$ git remote remove origin
ubuntu@Ubuntu-GUI:~/KhotAbuch/workspace/projects/lab06$ git remote add origin https://github.com/${GITHUB_USERNAME}/lab06
ubuntu@Ubuntu-GUI:~/KhotAbuch/workspace/projects/lab06$ gsed -i '/project(print)/a\
> set(PRINT_VERSION_STRING "v\${PRINT_VERSION}")
> ' CMakeLists.txt
ubuntu@Ubuntu-GUI:~/KhotAbuch/workspace/projects/lab06$ gsed -i '/project(print)/a\
set(PRINT_VERSION\
  \${PRINT_VERSION_MAJOR}.\${PRINT_VERSION_MINOR}.\${PRINT_VERSION_PATCH}.\${PRINT_VERSION_TWEAK})
' CMakeLists.txt
ubuntu@Ubuntu-GUI:~/KhotAbuch/workspace/projects/lab06$ gsed -i '/project(print)/a\
set(PRINT_VERSION_TWEAK 0)
' CMakeLists.txt
ubuntu@Ubuntu-GUI:~/KhotAbuch/workspace/projects/lab06$ gsed -i '/project(print)/a\
set(PRINT_VERSION_PATCH 0)
' CMakeLists.txt
ubuntu@Ubuntu-GUI:~/KhotAbuch/workspace/projects/lab06$ gsed -i '/project(print)/a\
set(PRINT_VERSION_MINOR 1)
' CMakeLists.txt
ubuntu@Ubuntu-GUI:~/KhotAbuch/workspace/projects/lab06$ gsed -i '/project(print)/a\
set(PRINT_VERSION_MAJOR 0)
' CMakeLists.txt
ubuntu@Ubuntu-GUI:~/KhotAbuch/workspace/projects/lab06$ git diff
diff --git a/CMakeLists.txt b/CMakeLists.txt
index aa7a323..71b64e3 100644
--- a/CMakeLists.txt
+++ b/CMakeLists.txt
@@ -7,6 +7,13 @@ option(BUILD_EXAMPLES "Build examples" OFF)
 option(BUILD_TESTS "Build tests" OFF)
 
 project(print)
+set(PRINT_VERSION_MAJOR 0)
+set(PRINT_VERSION_MINOR 1)
+set(PRINT_VERSION_PATCH 0)
+set(PRINT_VERSION_TWEAK 0)
+set(PRINT_VERSION
+  ${PRINT_VERSION_MAJOR}.${PRINT_VERSION_MINOR}.${PRINT_VERSION_PATCH}.${PRINT_VERSION_TWEAK})
+set(PRINT_VERSION_STRING "v${PRINT_VERSION}")
 
 add_library(print STATIC ${CMAKE_CURRENT_SOURCE_DIR}/sources/print.cpp)
 
ubuntu@Ubuntu-GUI:~/KhotAbuch/workspace/projects/lab06$ touch DESCRIPTION && edit DESCRIPTION
ubuntu@Ubuntu-GUI:~/KhotAbuch/workspace/projects/lab06$ touch ChangeLog.md
ubuntu@Ubuntu-GUI:~/KhotAbuch/workspace/projects/lab06$ export DATE="`LANG=en_US date +'%a %b %d %Y'`"
ubuntu@Ubuntu-GUI:~/KhotAbuch/workspace/projects/lab06$ cat > ChangeLog.md <<EOF
* ${DATE} ${GITHUB_USERNAME} <${GITHUB_EMAIL}> 0.1.0.0
- Initial RPM release
EOF
ubuntu@Ubuntu-GUI:~/KhotAbuch/workspace/projects/lab06$ cat > CPackConfig.cmake <<EOF
include(InstallRequiredSystemLibraries)
EOF
ubuntu@Ubuntu-GUI:~/KhotAbuch/workspace/projects/lab06$ cat >> CPackConfig.cmake <<EOF
set(CPACK_PACKAGE_CONTACT ${GITHUB_EMAIL})
set(CPACK_PACKAGE_VERSION_MAJOR \${PRINT_VERSION_MAJOR})
set(CPACK_PACKAGE_VERSION_MINOR \${PRINT_VERSION_MINOR})
set(CPACK_PACKAGE_VERSION_PATCH \${PRINT_VERSION_PATCH})
set(CPACK_PACKAGE_VERSION_TWEAK \${PRINT_VERSION_TWEAK})
set(CPACK_PACKAGE_VERSION \${PRINT_VERSION})
set(CPACK_PACKAGE_DESCRIPTION_FILE \${CMAKE_CURRENT_SOURCE_DIR}/DESCRIPTION)
set(CPACK_PACKAGE_DESCRIPTION_SUMMARY "static C++ library for printing")
EOF
ubuntu@Ubuntu-GUI:~/KhotAbuch/workspace/projects/lab06$ cat >> CPackConfig.cmake <<EOF
set(CPACK_PACKAGE_CONTACT ${GITHUB_EMAIL})
set(CPACK_PACKAGE_VERSION_MAJOR \${PRINT_VERSION_MAJOR})
set(CPACK_PACKAGE_VERSION_MINOR \${PRINT_VERSION_MINOR})
set(CPACK_PACKAGE_VERSION_PATCH \${PRINT_VERSION_PATCH})
set(CPACK_PACKAGE_VERSION_TWEAK \${PRINT_VERSION_TWEAK})
set(CPACK_PACKAGE_VERSION \${PRINT_VERSION})
set(CPACK_PACKAGE_DESCRIPTION_FILE \${CMAKE_CURRENT_SOURCE_DIR}/DESCRIPTION)
set(CPACK_PACKAGE_DESCRIPTION_SUMMARY "static C++ library for printing")
set(CPACK_RESOURCE_FILE_LICENSE \${CMAKE_CURRENT_SOURCE_DIR}/LICENSE)
set(CPACK_RESOURCE_FILE_README \${CMAKE_CURRENT_SOURCE_DIR}/README.md)
set(CPACK_RPM_PACKAGE_NAME "print-devel")
set(CPACK_RPM_PACKAGE_LICENSE "MIT")
set(CPACK_RPM_PACKAGE_GROUP "print")
set(CPACK_RPM_CHANGELOG_FILE \${CMAKE_CURRENT_SOURCE_DIR}/ChangeLog.md)
set(CPACK_RPM_PACKAGE_RELEASE 1)
set(CPACK_DEBIAN_PACKAGE_NAME "libprint-dev")
set(CPACK_DEBIAN_PACKAGE_PREDEPENDS "cmake >= 3.0")
set(CPACK_DEBIAN_PACKAGE_RELEASE 1)
include(CPack)
> EOF
ubuntu@Ubuntu-GUI:~/KhotAbuch/workspace/projects/lab06$ nano CPackConfig.cmake
ubuntu@Ubuntu-GUI:~/KhotAbuch/workspace/projects/lab06$ nano CMakeLists.txt
ubuntu@Ubuntu-GUI:~/KhotAbuch/workspace/projects/lab06$ gsed -i 's/lab05/lab06/g' README.md
ubuntu@Ubuntu-GUI:~/KhotAbuch/workspace/projects/lab06$ git add .
ubuntu@Ubuntu-GUI:~/KhotAbuch/workspace/projects/lab06$ git commit -m"added cpack config"
[main 7d2da80] added cpack config
 5 files changed, 39 insertions(+), 1 deletion(-)
 create mode 100644 CPackConfig.cmake
 create mode 100644 ChangeLog.md
 create mode 100644 DESCRIPTION
ubuntu@Ubuntu-GUI:~/KhotAbuch/workspace/projects/lab06$ git tag v0.1.0.0
ubuntu@Ubuntu-GUI:~/KhotAbuch/workspace/projects/lab06$ git push origin main --tags
Username for 'https://github.com': KhotAbuch
Password for 'https://KhotAbuch@github.com': 
Enumerating objects: 245, done.
Counting objects: 100% (245/245), done.
Delta compression using up to 4 threads
Compressing objects: 100% (133/133), done.
Writing objects: 100% (245/245), 1004.93 KiB | 143.56 MiB/s, done.
Total 245 (delta 90), reused 236 (delta 87), pack-reused 0
remote: Resolving deltas: 100% (90/90), done.
To https://github.com/KhotAbuch/lab06
 * [new branch]      main -> main
 * [new tag]         v0.1.0.0 -> v0.1.0.0
ubuntu@Ubuntu-GUI:~/KhotAbuch/workspace/projects/lab06$ travis login --auto
Ignoring debug-1.6.3 because its extensions are not built. Try: gem pristine debug --version 1.6.3
Ignoring executable-hooks-1.7.1 because its extensions are not built. Try: gem pristine executable-hooks --version 1.7.1
Ignoring gem-wrappers-1.4.0 because its extensions are not built. Try: gem pristine gem-wrappers --version 1.4.0
Ignoring rbs-2.7.0 because its extensions are not built. Try: gem pristine rbs --version 2.7.0
Successfully logged in as KhotAbuch!
ubuntu@Ubuntu-GUI:~/KhotAbuch/workspace/projects/lab06$ travis enable
Ignoring debug-1.6.3 because its extensions are not built. Try: gem pristine debug --version 1.6.3
Ignoring executable-hooks-1.7.1 because its extensions are not built. Try: gem pristine executable-hooks --version 1.7.1
Ignoring gem-wrappers-1.4.0 because its extensions are not built. Try: gem pristine gem-wrappers --version 1.4.0
Ignoring rbs-2.7.0 because its extensions are not built. Try: gem pristine rbs --version 2.7.0
Detected repository as KhotAbuch/lab06, is this correct? |yes| y
KhotAbuch/lab06: enabled :)
ubuntu@Ubuntu-GUI:~/KhotAbuch/workspace/projects/lab06$ cmake -H. -B_build
CMake Error: The current CMakeCache.txt directory /home/ubuntu/KhotAbuch/workspace/projects/lab06/_build/CMakeCache.txt is different than the directory /home/ubuntu/KhotAbuch/workspace/projects/lab05/_build where CMakeCache.txt was created. This may result in binaries being created in the wrong place. If you are not sure, reedit the CMakeCache.txt
CMake Error: The source "/home/ubuntu/KhotAbuch/workspace/projects/lab06/CMakeLists.txt" does not match the source "/home/ubuntu/KhotAbuch/workspace/projects/lab05/CMakeLists.txt" used to generate cache.  Re-run cmake with a different source directory.
ubuntu@Ubuntu-GUI:~/KhotAbuch/workspace/projects/lab06$ rm -rf _build
ubuntu@Ubuntu-GUI:~/KhotAbuch/workspace/projects/lab06$ cmake -H. -B_build
CMake Deprecation Warning at CMakeLists.txt:1 (cmake_minimum_required):
  Compatibility with CMake < 3.5 will be removed from a future version of
  CMake.

  Update the VERSION argument <min> value or use a ...<max> suffix to tell
  CMake that the project does not need compatibility with older versions.


-- The C compiler identification is GNU 13.3.0
-- The CXX compiler identification is GNU 13.3.0
-- Detecting C compiler ABI info
-- Detecting C compiler ABI info - done
-- Check for working C compiler: /usr/bin/cc - skipped
-- Detecting C compile features
-- Detecting C compile features - done
-- Detecting CXX compiler ABI info
-- Detecting CXX compiler ABI info - done
-- Check for working CXX compiler: /usr/bin/c++ - skipped
-- Detecting CXX compile features
-- Detecting CXX compile features - done
-- Configuring done (0.4s)
-- Generating done (0.0s)
-- Build files have been written to: /home/ubuntu/KhotAbuch/workspace/projects/lab06/_build
ubuntu@Ubuntu-GUI:~/KhotAbuch/workspace/projects/lab06$ cmake --build _build
[ 50%] Building CXX object CMakeFiles/print.dir/sources/print.cpp.o
[100%] Linking CXX static library libprint.a
[100%] Built target print
ubuntu@Ubuntu-GUI:~/KhotAbuch/workspace/projects/lab06$ cd _build
ubuntu@Ubuntu-GUI:~/KhotAbuch/workspace/projects/lab06/_build$ cpack -G "TGZ"
CPack Error: CPack project name not specified
ubuntu@Ubuntu-GUI:~/KhotAbuch/workspace/projects/lab06/_build$ cd ..
ubuntu@Ubuntu-GUI:~/KhotAbuch/workspace/projects/lab06$ nano CMakeLists.txt
ubuntu@Ubuntu-GUI:~/KhotAbuch/workspace/projects/lab06$ rm -rf _build 
ubuntu@Ubuntu-GUI:~/KhotAbuch/workspace/projects/lab06$ cmake -H. -B_build
CMake Deprecation Warning at CMakeLists.txt:1 (cmake_minimum_required):
  Compatibility with CMake < 3.5 will be removed from a future version of
  CMake.

  Update the VERSION argument <min> value or use a ...<max> suffix to tell
  CMake that the project does not need compatibility with older versions.


-- The C compiler identification is GNU 13.3.0
-- The CXX compiler identification is GNU 13.3.0
-- Detecting C compiler ABI info
-- Detecting C compiler ABI info - done
-- Check for working C compiler: /usr/bin/cc - skipped
-- Detecting C compile features
-- Detecting C compile features - done
-- Detecting CXX compiler ABI info
-- Detecting CXX compiler ABI info - done
-- Check for working CXX compiler: /usr/bin/c++ - skipped
-- Detecting CXX compile features
-- Detecting CXX compile features - done
-- Configuring done (0.2s)
-- Generating done (0.0s)
-- Build files have been written to: /home/ubuntu/KhotAbuch/workspace/projects/lab06/_build
ubuntu@Ubuntu-GUI:~/KhotAbuch/workspace/projects/lab06$ cd _build
ubuntu@Ubuntu-GUI:~/KhotAbuch/workspace/projects/lab06/_build$ cpack -G "TGZ"
CPack Error: CPack project name not specified
ubuntu@Ubuntu-GUI:~/KhotAbuch/workspace/projects/lab06/_build$ make package
make: *** No rule to make target 'package'.  Stop.
ubuntu@Ubuntu-GUI:~/KhotAbuch/workspace/projects/lab06/_build$ cd
ubuntu@Ubuntu-GUI:~$ cd ~/KhotAbuch/workspace/projects/lab06
ubuntu@Ubuntu-GUI:~/KhotAbuch/workspace/projects/lab06$ cat << 'EOF' > CMakeLists.txt
cmake_minimum_required(VERSION 3.4)

set(CMAKE_CXX_STANDARD 11)
set(CMAKE_CXX_STANDARD_REQUIRED ON)

option(BUILD_EXAMPLES "Build examples" OFF)
option(BUILD_TESTS "Build tests" OFF)

project(print)
set(PRINT_VERSION_MAJOR 0)
set(PRINT_VERSION_MINOR 1)
set(PRINT_VERSION_PATCH 0)
set(PRINT_VERSION_TWEAK 0)
set(PRINT_VERSION
  ${PRINT_VERSION_MAJOR}.${PRINT_VERSION_MINOR}.${PRINT_VERSION_PATCH}.${PRINT_VERSION_TWEAK})
set(PRINT_VERSION_STRING "v${PRINT_VERSION}")

add_library(print STATIC ${CMAKE_CURRENT_SOURCE_DIR}/sources/print.cpp)

target_include_directories(print PUBLIC
  $<BUILD_INTERFACE:${CMAKE_CURRENT_SOURCE_DIR}/include>
  $<INSTALL_INTERFACE:include>
)

if(BUILD_EXAMPLES)
  file(GLOB EXAMPLE_SOURCES "${CMAKE_CURRENT_SOURCE_DIR}/examples/*.cpp")
  foreach(EXAMPLE_SOURCE ${EXAMPLE_SOURCES})
    get_filename_component(EXAMPLE_NAME ${EXAMPLE_SOURCE} NAME_WE)
    add_executable(${EXAMPLE_NAME} ${EXAMPLE_SOURCE})
    target_link_libraries(${EXAMPLE_NAME} print)
    install(TARGETS ${EXAMPLE_NAME}
      RUNTIME DESTINATION bin
    )
  endforeach(EXAMPLE_SOURCE ${EXAMPLE_SOURCES})
endif()

install(TARGETS print
    EXPORT print-config
    ARCHIVE DESTINATION lib
    LIBRARY DESTINATION lib
)

install(DIRECTORY ${CMAKE_CURRENT_SOURCE_DIR}/include/ DESTINATION include)
install(EXPORT print-config DESTINATION cmake)

include(InstallRequiredSystemLibraries)
set(CPACK_PACKAGE_NAME "print")
set(CPACK_PACKAGE_VERSION "${PRINT_VERSION}")
set(CPACK_PACKAGE_CONTACT "Your Name <your.email@example.com>")
set(CPACK_PACKAGE_DESCRIPTION "A simple printing library")
set(CPACK_PACKAGE_VENDOR "Your Organization")
set(CPACK_GENERATOR "TGZ")
include(CPack)

if(BUILD_TESTS)
  enable_testing()
  add_subdirectory(third-party/gtest)
  file(GLOB ${PROJECT_NAME}_TEST_SOURCES tests/*.cpp)
  add_executable(check ${${PROJECT_NAME}_TEST_SOURCES})
  target_link_libraries(check ${PROJECT_NAME} gtest_main)
  add_test(NAME check COMMAND check)
EOFif()de(CPackConfig.cmake)
ubuntu@Ubuntu-GUI:~/KhotAbuch/workspace/projects/lab06$ cat << 'EOF' > CMakeLists.txt
cmake_minimum_required(VERSION 3.4)

set(CMAKE_CXX_STANDARD 11)
set(CMAKE_CXX_STANDARD_REQUIRED ON)

option(BUILD_EXAMPLES "Build examples" OFF)
option(BUILD_TESTS "Build tests" OFF)

project(print)
set(PRINT_VERSION_MAJOR 0)
set(PRINT_VERSION_MINOR 1)
set(PRINT_VERSION_PATCH 0)
set(PRINT_VERSION_TWEAK 0)
set(PRINT_VERSION
  ${PRINT_VERSION_MAJOR}.${PRINT_VERSION_MINOR}.${PRINT_VERSION_PATCH}.${PRINT_VERSION_TWEAK})
set(PRINT_VERSION_STRING "v${PRINT_VERSION}")

add_library(print STATIC ${CMAKE_CURRENT_SOURCE_DIR}/sources/print.cpp)

target_include_directories(print PUBLIC
  $<BUILD_INTERFACE:${CMAKE_CURRENT_SOURCE_DIR}/include>
  $<INSTALL_INTERFACE:include>
)

if(BUILD_EXAMPLES)
  file(GLOB EXAMPLE_SOURCES "${CMAKE_CURRENT_SOURCE_DIR}/examples/*.cpp")
  foreach(EXAMPLE_SOURCE ${EXAMPLE_SOURCES})
    get_filename_component(EXAMPLE_NAME ${EXAMPLE_SOURCE} NAME_WE)
    add_executable(${EXAMPLE_NAME} ${EXAMPLE_SOURCE})
    target_link_libraries(${EXAMPLE_NAME} print)
    install(TARGETS ${EXAMPLE_NAME}
      RUNTIME DESTINATION bin
    )
  endforeach(EXAMPLE_SOURCE ${EXAMPLE_SOURCES})
endif()

install(TARGETS print
    EXPORT print-config
    ARCHIVE DESTINATION lib
    LIBRARY DESTINATION lib
)

install(DIRECTORY ${CMAKE_CURRENT_SOURCE_DIR}/include/ DESTINATION include)
install(EXPORT print-config DESTINATION cmake)

include(InstallRequiredSystemLibraries)
set(CPACK_PACKAGE_NAME "print")
set(CPACK_PACKAGE_VERSION "${PRINT_VERSION}")
set(CPACK_PACKAGE_CONTACT "Your Name <your.email@example.com>")
set(CPACK_PACKAGE_DESCRIPTION "A simple printing library")
set(CPACK_PACKAGE_VENDOR "Your Organization")
set(CPACK_GENERATOR "TGZ")
include(CPack)

if(BUILD_TESTS)
  enable_testing()
  add_subdirectory(third-party/gtest)
  file(GLOB ${PROJECT_NAME}_TEST_SOURCES tests/*.cpp)
  add_executable(check ${${PROJECT_NAME}_TEST_SOURCES})
  target_link_libraries(check ${PROJECT_NAME} gtest_main)
  add_test(NAME check COMMAND check)
EOFif()de(CPackConfig.cmake)
ubuntu@Ubuntu-GUI:~/KhotAbuch/workspace/projects/lab06$ cat << 'EOF' > CMakeLists.txt
cmake_minimum_required(VERSION 3.4)

set(CMAKE_CXX_STANDARD 11)
set(CMAKE_CXX_STANDARD_REQUIRED ON)

option(BUILD_EXAMPLES "Build examples" OFF)
option(BUILD_TESTS "Build tests" OFF)

project(print)
set(PRINT_VERSION_MAJOR 0)
set(PRINT_VERSION_MINOR 1)
set(PRINT_VERSION_PATCH 0)
set(PRINT_VERSION_TWEAK 0)
set(PRINT_VERSION
  ${PRINT_VERSION_MAJOR}.${PRINT_VERSION_MINOR}.${PRINT_VERSION_PATCH}.${PRINT_VERSION_TWEAK})
set(PRINT_VERSION_STRING "v${PRINT_VERSION}")

add_library(print STATIC ${CMAKE_CURRENT_SOURCE_DIR}/sources/print.cpp)

target_include_directories(print PUBLIC
  $<BUILD_INTERFACE:${CMAKE_CURRENT_SOURCE_DIR}/include>
  $<INSTALL_INTERFACE:include>
)

if(BUILD_EXAMPLES)
  file(GLOB EXAMPLE_SOURCES "${CMAKE_CURRENT_SOURCE_DIR}/examples/*.cpp")
  foreach(EXAMPLE_SOURCE ${EXAMPLE_SOURCES})
    get_filename_component(EXAMPLE_NAME ${EXAMPLE_SOURCE} NAME_WE)
    add_executable(${EXAMPLE_NAME} ${EXAMPLE_SOURCE})
    target_link_libraries(${EXAMPLE_NAME} print)
    install(TARGETS ${EXAMPLE_NAME}
      RUNTIME DESTINATION bin
    )
  endforeach(EXAMPLE_SOURCE ${EXAMPLE_SOURCES})
endif()

install(TARGETS print
    EXPORT print-config
    ARCHIVE DESTINATION lib
    LIBRARY DESTINATION lib
)

install(DIRECTORY ${CMAKE_CURRENT_SOURCE_DIR}/include/ DESTINATION include)
install(EXPORT print-config DESTINATION cmake)

include(InstallRequiredSystemLibraries)
set(CPACK_PACKAGE_NAME "print")
set(CPACK_PACKAGE_VERSION "${PRINT_VERSION}")
set(CPACK_PACKAGE_CONTACT "Your Name <your.email@example.com>")
set(CPACK_PACKAGE_DESCRIPTION "A simple printing library")
set(CPACK_PACKAGE_VENDOR "Your Organization")
set(CPACK_GENERATOR "TGZ")
include(CPack)

if(BUILD_TESTS)
  enable_testing()
  add_subdirectory(third-party/gtest)
  file(GLOB ${PROJECT_NAME}_TEST_SOURCES tests/*.cpp)
  add_executable(check ${${PROJECT_NAME}_TEST_SOURCES})
  target_link_libraries(check ${PROJECT_NAME} gtest_main)
  add_test(NAME check COMMAND check)
EOFif()de(CPackConfig.cmake)
ubuntu@Ubuntu-GUI:~/KhotAbuch/workspace/projects/lab06$ rm -rf _build
ubuntu@Ubuntu-GUI:~/KhotAbuch/workspace/projects/lab06$ cmake -H. -B_build
CMake Deprecation Warning at CMakeLists.txt:1 (cmake_minimum_required):
  Compatibility with CMake < 3.5 will be removed from a future version of
  CMake.

  Update the VERSION argument <min> value or use a ...<max> suffix to tell
  CMake that the project does not need compatibility with older versions.


-- The C compiler identification is GNU 13.3.0
-- The CXX compiler identification is GNU 13.3.0
-- Detecting C compiler ABI info
-- Detecting C compiler ABI info - done
-- Check for working C compiler: /usr/bin/cc - skipped
-- Detecting C compile features
-- Detecting C compile features - done
-- Detecting CXX compiler ABI info
-- Detecting CXX compiler ABI info - done
-- Check for working CXX compiler: /usr/bin/c++ - skipped
-- Detecting CXX compile features
-- Detecting CXX compile features - done
-- Configuring done (0.2s)
-- Generating done (0.0s)
-- Build files have been written to: /home/ubuntu/KhotAbuch/workspace/projects/lab06/_build
ubuntu@Ubuntu-GUI:~/KhotAbuch/workspace/projects/lab06$ cd _build
ubuntu@Ubuntu-GUI:~/KhotAbuch/workspace/projects/lab06/_build$ make package
[ 50%] Building CXX object CMakeFiles/print.dir/sources/print.cpp.o
[100%] Linking CXX static library libprint.a
[100%] Built target print
Run CPack packaging tool...
CPack: Create package using TGZ
CPack: Install projects
CPack: - Run preinstall target for: print
CPack: - Install project: print []
CPack: Create package
CPack: - package: /home/ubuntu/KhotAbuch/workspace/projects/lab06/_build/print-0.1.0.0-Linux.tar.gz generated.
ubuntu@Ubuntu-GUI:~/KhotAbuch/workspace/projects/lab06/_build$ cd ..
ubuntu@Ubuntu-GUI:~/KhotAbuch/workspace/projects/lab06$ cmake -H. -B_build -DCPACK_GENERATOR="TGZ"
CMake Deprecation Warning at CMakeLists.txt:1 (cmake_minimum_required):
  Compatibility with CMake < 3.5 will be removed from a future version of
  CMake.

  Update the VERSION argument <min> value or use a ...<max> suffix to tell
  CMake that the project does not need compatibility with older versions.


-- Configuring done (0.0s)
-- Generating done (0.0s)
-- Build files have been written to: /home/ubuntu/KhotAbuch/workspace/projects/lab06/_build
ubuntu@Ubuntu-GUI:~/KhotAbuch/workspace/projects/lab06$ cmake --build _build --target package
[100%] Built target print
Run CPack packaging tool...
CPack: Create package using TGZ
CPack: Install projects
CPack: - Run preinstall target for: print
CPack: - Install project: print []
CPack: Create package
CPack: - package: /home/ubuntu/KhotAbuch/workspace/projects/lab06/_build/print-0.1.0.0-Linux.tar.gz generated.
ubuntu@Ubuntu-GUI:~/KhotAbuch/workspace/projects/lab06$ mkdir artifacts
ubuntu@Ubuntu-GUI:~/KhotAbuch/workspace/projects/lab06$ mv _build/*.tar.gz artifacts
ubuntu@Ubuntu-GUI:~/KhotAbuch/workspace/projects/lab06$ tree artifacts
artifacts
└── print-0.1.0.0-Linux.tar.gz

1 directory, 1 file
ubuntu@Ubuntu-GUI:~/KhotAbuch/workspace/projects/lab06$ git add .
ubuntu@Ubuntu-GUI:~/KhotAbuch/workspace/projects/lab06$ git commit -m"end"
[main 0d5c566] end
 150 files changed, 417 insertions(+), 5858 deletions(-)
 delete mode 100644 _build/CMakeFiles/check.dir/DependInfo.cmake
 delete mode 100644 _build/CMakeFiles/check.dir/build.make
 delete mode 100644 _build/CMakeFiles/check.dir/cmake_clean.cmake
 delete mode 100644 _build/CMakeFiles/check.dir/compiler_depend.make
 delete mode 100644 _build/CMakeFiles/check.dir/compiler_depend.ts
 delete mode 100644 _build/CMakeFiles/check.dir/depend.make
 delete mode 100644 _build/CMakeFiles/check.dir/flags.make
 delete mode 100644 _build/CMakeFiles/check.dir/link.txt
 delete mode 100644 _build/CMakeFiles/check.dir/progress.make
 delete mode 100644 _build/CMakeFiles/check.dir/tests/test1.cpp.o
 delete mode 100644 _build/CMakeFiles/check.dir/tests/test1.cpp.o.d
 create mode 100644 _build/CPackConfig.cmake
 create mode 100644 _build/CPackSourceConfig.cmake
 delete mode 100644 _build/CTestTestfile.cmake
 delete mode 100644 _build/Testing/Temporary/CTestCostData.txt
 delete mode 100644 _build/Testing/Temporary/LastTest.log
 create mode 100644 _build/_CPack_Packages/Linux/TGZ/print-0.1.0.0-Linux.tar.gz
 create mode 100644 _build/_CPack_Packages/Linux/TGZ/print-0.1.0.0-Linux/cmake/print-config-noconfig.cmake
 rename _build/{third-party/gtest/googlemock/gtest/CMakeFiles/Export/0c08b8e77dd885bfe55a19a9659d9fc1/GTestTargets.cmake => _CPack_Packages/Linux/TGZ/print-0.1.0.0-Linux/cmake/print-config.cmake} (72%)
 create mode 100644 _build/_CPack_Packages/Linux/TGZ/print-0.1.0.0-Linux/include/print.hpp
 create mode 100644 _build/_CPack_Packages/Linux/TGZ/print-0.1.0.0-Linux/lib/libprint.a
 delete mode 100755 _build/check
 delete mode 100644 _build/file.txt
 create mode 100644 _build/install_manifest.txt
 delete mode 100644 _build/lib/libgmock.a
 delete mode 100644 _build/lib/libgmock_main.a
 delete mode 100644 _build/lib/libgtest.a
 delete mode 100644 _build/lib/libgtest_main.a
 delete mode 100644 _build/third-party/gtest/CMakeFiles/CMakeDirectoryInformation.cmake
 delete mode 100644 _build/third-party/gtest/CMakeFiles/progress.marks
 delete mode 100644 _build/third-party/gtest/CTestTestfile.cmake
 delete mode 100644 _build/third-party/gtest/Makefile
 delete mode 100644 _build/third-party/gtest/cmake_install.cmake
 delete mode 100644 _build/third-party/gtest/googlemock/CMakeFiles/CMakeDirectoryInformation.cmake
 delete mode 100644 _build/third-party/gtest/googlemock/CMakeFiles/gmock.dir/DependInfo.cmake
 delete mode 100644 _build/third-party/gtest/googlemock/CMakeFiles/gmock.dir/build.make
 delete mode 100644 _build/third-party/gtest/googlemock/CMakeFiles/gmock.dir/cmake_clean.cmake
 delete mode 100644 _build/third-party/gtest/googlemock/CMakeFiles/gmock.dir/cmake_clean_target.cmake
 delete mode 100644 _build/third-party/gtest/googlemock/CMakeFiles/gmock.dir/compiler_depend.make
 delete mode 100644 _build/third-party/gtest/googlemock/CMakeFiles/gmock.dir/compiler_depend.ts
 delete mode 100644 _build/third-party/gtest/googlemock/CMakeFiles/gmock.dir/depend.make
 delete mode 100644 _build/third-party/gtest/googlemock/CMakeFiles/gmock.dir/flags.make
 delete mode 100644 _build/third-party/gtest/googlemock/CMakeFiles/gmock.dir/link.txt
 delete mode 100644 _build/third-party/gtest/googlemock/CMakeFiles/gmock.dir/progress.make
 delete mode 100644 _build/third-party/gtest/googlemock/CMakeFiles/gmock.dir/src/gmock-all.cc.o
 delete mode 100644 _build/third-party/gtest/googlemock/CMakeFiles/gmock.dir/src/gmock-all.cc.o.d
 delete mode 100644 _build/third-party/gtest/googlemock/CMakeFiles/gmock_main.dir/DependInfo.cmake
 delete mode 100644 _build/third-party/gtest/googlemock/CMakeFiles/gmock_main.dir/build.make
 delete mode 100644 _build/third-party/gtest/googlemock/CMakeFiles/gmock_main.dir/cmake_clean.cmake
 delete mode 100644 _build/third-party/gtest/googlemock/CMakeFiles/gmock_main.dir/cmake_clean_target.cmake
 delete mode 100644 _build/third-party/gtest/googlemock/CMakeFiles/gmock_main.dir/compiler_depend.make
 delete mode 100644 _build/third-party/gtest/googlemock/CMakeFiles/gmock_main.dir/compiler_depend.ts
 delete mode 100644 _build/third-party/gtest/googlemock/CMakeFiles/gmock_main.dir/depend.make
 delete mode 100644 _build/third-party/gtest/googlemock/CMakeFiles/gmock_main.dir/flags.make
 delete mode 100644 _build/third-party/gtest/googlemock/CMakeFiles/gmock_main.dir/link.txt
 delete mode 100644 _build/third-party/gtest/googlemock/CMakeFiles/gmock_main.dir/progress.make
 delete mode 100644 _build/third-party/gtest/googlemock/CMakeFiles/gmock_main.dir/src/gmock_main.cc.o
 delete mode 100644 _build/third-party/gtest/googlemock/CMakeFiles/gmock_main.dir/src/gmock_main.cc.o.d
 delete mode 100644 _build/third-party/gtest/googlemock/CMakeFiles/progress.marks
 delete mode 100644 _build/third-party/gtest/googlemock/CTestTestfile.cmake
 delete mode 100644 _build/third-party/gtest/googlemock/Makefile
 delete mode 100644 _build/third-party/gtest/googlemock/cmake_install.cmake
 delete mode 100644 _build/third-party/gtest/googlemock/gtest/CMakeFiles/CMakeDirectoryInformation.cmake
 delete mode 100644 _build/third-party/gtest/googlemock/gtest/CMakeFiles/Export/0c08b8e77dd885bfe55a19a9659d9fc1/GTestTargets-noconfig.cmake
 delete mode 100644 _build/third-party/gtest/googlemock/gtest/CMakeFiles/gtest.dir/DependInfo.cmake
 delete mode 100644 _build/third-party/gtest/googlemock/gtest/CMakeFiles/gtest.dir/build.make
 delete mode 100644 _build/third-party/gtest/googlemock/gtest/CMakeFiles/gtest.dir/cmake_clean.cmake
 delete mode 100644 _build/third-party/gtest/googlemock/gtest/CMakeFiles/gtest.dir/cmake_clean_target.cmake
 delete mode 100644 _build/third-party/gtest/googlemock/gtest/CMakeFiles/gtest.dir/compiler_depend.make
 delete mode 100644 _build/third-party/gtest/googlemock/gtest/CMakeFiles/gtest.dir/compiler_depend.ts
 delete mode 100644 _build/third-party/gtest/googlemock/gtest/CMakeFiles/gtest.dir/depend.make
 delete mode 100644 _build/third-party/gtest/googlemock/gtest/CMakeFiles/gtest.dir/flags.make
 delete mode 100644 _build/third-party/gtest/googlemock/gtest/CMakeFiles/gtest.dir/link.txt
 delete mode 100644 _build/third-party/gtest/googlemock/gtest/CMakeFiles/gtest.dir/progress.make
 delete mode 100644 _build/third-party/gtest/googlemock/gtest/CMakeFiles/gtest.dir/src/gtest-all.cc.o.d
 delete mode 100644 _build/third-party/gtest/googlemock/gtest/CMakeFiles/gtest_main.dir/DependInfo.cmake
 delete mode 100644 _build/third-party/gtest/googlemock/gtest/CMakeFiles/gtest_main.dir/build.make
 delete mode 100644 _build/third-party/gtest/googlemock/gtest/CMakeFiles/gtest_main.dir/cmake_clean.cmake
 delete mode 100644 _build/third-party/gtest/googlemock/gtest/CMakeFiles/gtest_main.dir/cmake_clean_target.cmake
 delete mode 100644 _build/third-party/gtest/googlemock/gtest/CMakeFiles/gtest_main.dir/compiler_depend.make
 delete mode 100644 _build/third-party/gtest/googlemock/gtest/CMakeFiles/gtest_main.dir/compiler_depend.ts
 delete mode 100644 _build/third-party/gtest/googlemock/gtest/CMakeFiles/gtest_main.dir/depend.make
 delete mode 100644 _build/third-party/gtest/googlemock/gtest/CMakeFiles/gtest_main.dir/flags.make
 delete mode 100644 _build/third-party/gtest/googlemock/gtest/CMakeFiles/gtest_main.dir/link.txt
 delete mode 100644 _build/third-party/gtest/googlemock/gtest/CMakeFiles/gtest_main.dir/progress.make
 delete mode 100644 _build/third-party/gtest/googlemock/gtest/CMakeFiles/progress.marks
 delete mode 100644 _build/third-party/gtest/googlemock/gtest/CTestTestfile.cmake
 delete mode 100644 _build/third-party/gtest/googlemock/gtest/Makefile
 delete mode 100644 _build/third-party/gtest/googlemock/gtest/cmake_install.cmake
 delete mode 100644 _build/third-party/gtest/googlemock/gtest/generated/GTestConfig.cmake
 delete mode 100644 _build/third-party/gtest/googlemock/gtest/generated/GTestConfigVersion.cmake
 delete mode 100644 _build/third-party/gtest/googlemock/gtest/generated/gmock.pc
 delete mode 100644 _build/third-party/gtest/googlemock/gtest/generated/gmock_main.pc
 delete mode 100644 _build/third-party/gtest/googlemock/gtest/generated/gtest.pc
 delete mode 100644 _build/third-party/gtest/googlemock/gtest/generated/gtest_main.pc
 delete mode 100644 _build/third-party/gtest/googletest/CMakeFiles/CMakeDirectoryInformation.cmake
 delete mode 100644 _build/third-party/gtest/googletest/CMakeFiles/Export/0c08b8e77dd885bfe55a19a9659d9fc1/GTestTargets-noconfig.cmake
 delete mode 100644 _build/third-party/gtest/googletest/CMakeFiles/Export/0c08b8e77dd885bfe55a19a9659d9fc1/GTestTargets.cmake
 delete mode 100644 _build/third-party/gtest/googletest/CMakeFiles/gtest.dir/DependInfo.cmake
 delete mode 100644 _build/third-party/gtest/googletest/CMakeFiles/gtest.dir/build.make
 delete mode 100644 _build/third-party/gtest/googletest/CMakeFiles/gtest.dir/cmake_clean.cmake
 delete mode 100644 _build/third-party/gtest/googletest/CMakeFiles/gtest.dir/cmake_clean_target.cmake
 delete mode 100644 _build/third-party/gtest/googletest/CMakeFiles/gtest.dir/compiler_depend.make
 delete mode 100644 _build/third-party/gtest/googletest/CMakeFiles/gtest.dir/compiler_depend.ts
 delete mode 100644 _build/third-party/gtest/googletest/CMakeFiles/gtest.dir/depend.make
 delete mode 100644 _build/third-party/gtest/googletest/CMakeFiles/gtest.dir/flags.make
 delete mode 100644 _build/third-party/gtest/googletest/CMakeFiles/gtest.dir/link.txt
 delete mode 100644 _build/third-party/gtest/googletest/CMakeFiles/gtest.dir/progress.make
 delete mode 100644 _build/third-party/gtest/googletest/CMakeFiles/gtest.dir/src/gtest-all.cc.o
 delete mode 100644 _build/third-party/gtest/googletest/CMakeFiles/gtest.dir/src/gtest-all.cc.o.d
 delete mode 100644 _build/third-party/gtest/googletest/CMakeFiles/gtest_main.dir/DependInfo.cmake
 delete mode 100644 _build/third-party/gtest/googletest/CMakeFiles/gtest_main.dir/build.make
 delete mode 100644 _build/third-party/gtest/googletest/CMakeFiles/gtest_main.dir/cmake_clean.cmake
 delete mode 100644 _build/third-party/gtest/googletest/CMakeFiles/gtest_main.dir/cmake_clean_target.cmake
 delete mode 100644 _build/third-party/gtest/googletest/CMakeFiles/gtest_main.dir/compiler_depend.make
 delete mode 100644 _build/third-party/gtest/googletest/CMakeFiles/gtest_main.dir/compiler_depend.ts
 delete mode 100644 _build/third-party/gtest/googletest/CMakeFiles/gtest_main.dir/depend.make
 delete mode 100644 _build/third-party/gtest/googletest/CMakeFiles/gtest_main.dir/flags.make
 delete mode 100644 _build/third-party/gtest/googletest/CMakeFiles/gtest_main.dir/link.txt
 delete mode 100644 _build/third-party/gtest/googletest/CMakeFiles/gtest_main.dir/progress.make
 delete mode 100644 _build/third-party/gtest/googletest/CMakeFiles/gtest_main.dir/src/gtest_main.cc.o
 delete mode 100644 _build/third-party/gtest/googletest/CMakeFiles/gtest_main.dir/src/gtest_main.cc.o.d
 delete mode 100644 _build/third-party/gtest/googletest/CMakeFiles/progress.marks
 delete mode 100644 _build/third-party/gtest/googletest/CTestTestfile.cmake
 delete mode 100644 _build/third-party/gtest/googletest/Makefile
 delete mode 100644 _build/third-party/gtest/googletest/cmake_install.cmake
 delete mode 100644 _build/third-party/gtest/googletest/generated/GTestConfig.cmake
 delete mode 100644 _build/third-party/gtest/googletest/generated/GTestConfigVersion.cmake
 delete mode 100644 _build/third-party/gtest/googletest/generated/gmock.pc
 delete mode 100644 _build/third-party/gtest/googletest/generated/gmock_main.pc
 delete mode 100644 _build/third-party/gtest/googletest/generated/gtest.pc
 delete mode 100644 _build/third-party/gtest/googletest/generated/gtest_main.pc
 create mode 100644 artifacts/print-0.1.0.0-Linux.tar.gz
ubuntu@Ubuntu-GUI:~/KhotAbuch/workspace/projects/lab06$ git push origin main
Username for 'https://github.com': KhotAbuch
Password for 'https://KhotAbuch@github.com': 
Enumerating objects: 58, done.
Counting objects: 100% (58/58), done.
Delta compression using up to 4 threads
Compressing objects: 100% (31/31), done.
Writing objects: 100% (36/36), 10.71 KiB | 3.57 MiB/s, done.
Total 36 (delta 18), reused 3 (delta 0), pack-reused 0
remote: Resolving deltas: 100% (18/18), completed with 17 local objects.
To https://github.com/KhotAbuch/lab06
   7d2da80..0d5c566  main -> main
ubuntu@Ubuntu-GUI:~/KhotAbuch/workspace/projects/lab06$ 
